There's no escape :(
There's no escape :(
There's no escape :(
There's no escape :(
There's no escape :(
There's no escape :(
